// Jest Snapshot v1, https://goo.gl/fbAQLP

exports[`SwitchInput component Matches the snapshot 1`] = `
<div
  className="form-group switchInput"
>
  <div
    className="ui fitted checkbox"
    onChange={[Function]}
    onClick={[Function]}
    onMouseDown={[Function]}
    onMouseUp={[Function]}
  >
    <input
      checked={false}
      className="hidden"
      name="switchInput"
      readOnly={true}
      tabIndex={0}
      type="checkbo"
    />
    <label />
  </div>
  <div
    className="pt-1 ml-1 d-inline-block"
  >
    <i
      className="ri-question-fill text-mid"
      onBlur={[Function]}
      onClick={[Function]}
      onFocus={[Function]}
      onMouseEnter={[Function]}
      onMouseLeave={[Function]}
    />
  </div>
</div>
`;
