// Jest Snapshot v1, https://goo.gl/fbAQLP

exports[`TextInput component Matches the snapshot 1`] = `
<div
  className="form-group textInput"
>
  <label
    className="sr-only"
  >
    <span />
    <div
      className="pt-1 ml-1 d-inline-block"
    >
      <i
        className="ri-question-fill text-mid"
        onBlur={[Function]}
        onClick={[Function]}
        onFocus={[Function]}
        onMouseEnter={[Function]}
        onMouseLeave={[Function]}
      />
    </div>
  </label>
  <input
    className="form-control "
    name="textInput"
    onChange={[Function]}
    placeholder="foobar"
    required={true}
    type="text"
    value=""
  />
</div>
`;
